WARNING: A terminally deprecated method in sun.misc.Unsafe has been called
WARNING: sun.misc.Unsafe::allocateMemory has been called by io.netty.util.internal.PlatformDependent0$2 (file:/home/prem-modha/projects/Motadata/verts/urlPoller/target/urlPoller-1.0.0-SNAPSHOT-fat.jar)
WARNING: Please consider reporting this to the maintainers of class io.netty.util.internal.PlatformDependent0$2
WARNING: sun.misc.Unsafe::allocateMemory will be removed in a future release
Oct 01, 2025 1:53:44 PM io.vertx.launcher.application.VertxApplication
SEVERE: Failed in deploying verticle
java.lang.ClassCastException: class com.practice.urlPoller.Main cannot be cast to class io.vertx.core.Deployable (com.practice.urlPoller.Main and io.vertx.core.Deployable are in unnamed module of loader 'app')
	at io.vertx.core.impl.verticle.JavaVerticleFactory.lambda$createVerticle2$0(JavaVerticleFactory.java:47)
	at io.vertx.core.impl.deployment.DefaultDeployment.deployment(DefaultDeployment.java:42)
	at io.vertx.core.impl.verticle.VerticleManager.createDeployment(VerticleManager.java:225)
	at io.vertx.core.impl.verticle.VerticleManager.lambda$createDeployment$4(VerticleManager.java:216)
	at io.vertx.core.impl.future.Composition.complete(Composition.java:40)
	at io.vertx.core.impl.future.FutureBase.lambda$emitResult$0(FutureBase.java:59)
	at io.netty.util.concurrent.AbstractEventExecutor.runTask(AbstractEventExecutor.java:148)
	at io.netty.util.concurrent.AbstractEventExecutor.safeExecute(AbstractEventExecutor.java:141)
	at io.netty.util.concurrent.SingleThreadEventExecutor.runAllTasks(SingleThreadEventExecutor.java:535)
	at io.netty.channel.SingleThreadIoEventLoop.run(SingleThreadIoEventLoop.java:201)
	at io.netty.util.concurrent.SingleThreadEventExecutor$5.run(SingleThreadEventExecutor.java:1193)
	at io.netty.util.internal.ThreadExecutorMap$2.run(ThreadExecutorMap.java:74)
	at io.netty.util.concurrent.FastThreadLocalRunnable.run(FastThreadLocalRunnable.java:30)
	at java.base/java.lang.Thread.run(Thread.java:1447)

